com\dksh\qrcoderedemption\component\RestTemplateHelper.class
com\dksh\qrcoderedemption\domain\CardTransaction.class
com\dksh\qrcoderedemption\configuration\FilterConfig.class
com\dksh\qrcoderedemption\model\CSVResponseModel.class
com\dksh\qrcoderedemption\configuration\SwaggerConfig.class
com\dksh\qrcoderedemption\model\VerifyResponseModel.class
com\dksh\qrcoderedemption\service\CSVService.class
com\dksh\qrcoderedemption\configuration\SessionConfiguration.class
com\dksh\qrcoderedemption\filter\LogProcessTimeFilter.class
com\dksh\qrcoderedemption\helper\CommonInputStreamResource.class
com\dksh\qrcoderedemption\controller\QRCodeRedemptionController.class
com\dksh\qrcoderedemption\repository\CardTransactionRepository.class
com\dksh\qrcoderedemption\service\QRCodeRedemptionValidation.class
com\dksh\qrcoderedemption\domain\TempCustTriggerQueue.class
com\dksh\qrcoderedemption\domain\CARDEVENTLOG.class
com\dksh\qrcoderedemption\repository\CardInParkRepository.class
com\dksh\qrcoderedemption\repository\TempCustTriggerQueueRepository.class
com\dksh\qrcoderedemption\model\ErrorModel.class
com\dksh\qrcoderedemption\service\RedemptionService.class
com\dksh\qrcoderedemption\repository\CardEventLogRepository.class
com\dksh\qrcoderedemption\domain\CardInParkId.class
com\dksh\qrcoderedemption\model\RedemptionData.class
com\dksh\qrcoderedemption\domain\CardTransactionId.class
com\dksh\qrcoderedemption\service\CarParkService.class
com\dksh\qrcoderedemption\helper\CSVHelper.class
com\dksh\qrcoderedemption\QrcoderedemptionApplication.class
com\dksh\qrcoderedemption\filter\LogApiFilter.class
com\dksh\qrcoderedemption\service\QRCodeRedemptionValidationImp.class
com\dksh\qrcoderedemption\component\ScheduledTasks.class
com\dksh\qrcoderedemption\domain\QRCODE_REDEMPTION_LOG.class
com\dksh\qrcoderedemption\model\QRCodeResposeModel.class
com\dksh\qrcoderedemption\repository\QRCODE_REDEMPTION_LOG_Repository.class
com\dksh\qrcoderedemption\domain\CardInPark.class
