C:\Users\admin\Documents\Projects\qrcoderedemption\src\main\java\com\dksh\qrcoderedemption\domain\CardInParkId.java
C:\Users\admin\Documents\Projects\qrcoderedemption\src\main\java\com\dksh\qrcoderedemption\domain\CardInPark.java
C:\Users\admin\Documents\Projects\qrcoderedemption\src\main\java\com\dksh\qrcoderedemption\repository\CardInParkRepository.java
C:\Users\admin\Documents\Projects\qrcoderedemption\src\main\java\com\dksh\qrcoderedemption\domain\CardTransaction.java
C:\Users\admin\Documents\Projects\qrcoderedemption\src\main\java\com\dksh\qrcoderedemption\model\ErrorModel.java
C:\Users\admin\Documents\Projects\qrcoderedemption\src\main\java\com\dksh\qrcoderedemption\model\QRCodeResposeModel.java
C:\Users\admin\Documents\Projects\qrcoderedemption\src\main\java\com\dksh\qrcoderedemption\configuration\FilterConfig.java
C:\Users\admin\Documents\Projects\qrcoderedemption\src\main\java\com\dksh\qrcoderedemption\filter\LogApiFilter.java
C:\Users\admin\Documents\Projects\qrcoderedemption\src\main\java\com\dksh\qrcoderedemption\helper\CommonInputStreamResource.java
C:\Users\admin\Documents\Projects\qrcoderedemption\src\main\java\com\dksh\qrcoderedemption\helper\CSVHelper.java
C:\Users\admin\Documents\Projects\qrcoderedemption\src\main\java\com\dksh\qrcoderedemption\domain\QRCODE_REDEMPTION_LOG.java
C:\Users\admin\Documents\Projects\qrcoderedemption\src\main\java\com\dksh\qrcoderedemption\repository\CardEventLogRepository.java
C:\Users\admin\Documents\Projects\qrcoderedemption\src\main\java\com\dksh\qrcoderedemption\component\ScheduledTasks.java
C:\Users\admin\Documents\Projects\qrcoderedemption\src\main\java\com\dksh\qrcoderedemption\domain\CardTransactionId.java
C:\Users\admin\Documents\Projects\qrcoderedemption\src\main\java\com\dksh\qrcoderedemption\repository\QRCODE_REDEMPTION_LOG_Repository.java
C:\Users\admin\Documents\Projects\qrcoderedemption\src\main\java\com\dksh\qrcoderedemption\filter\LogProcessTimeFilter.java
C:\Users\admin\Documents\Projects\qrcoderedemption\src\main\java\com\dksh\qrcoderedemption\model\RedemptionData.java
C:\Users\admin\Documents\Projects\qrcoderedemption\src\main\java\com\dksh\qrcoderedemption\domain\TempCustTriggerQueue.java
C:\Users\admin\Documents\Projects\qrcoderedemption\src\main\java\com\dksh\qrcoderedemption\service\CarParkService.java
C:\Users\admin\Documents\Projects\qrcoderedemption\src\main\java\com\dksh\qrcoderedemption\service\QRCodeRedemptionValidationImp.java
C:\Users\admin\Documents\Projects\qrcoderedemption\src\main\java\com\dksh\qrcoderedemption\service\QRCodeRedemptionValidation.java
C:\Users\admin\Documents\Projects\qrcoderedemption\src\main\java\com\dksh\qrcoderedemption\configuration\SessionConfiguration.java
C:\Users\admin\Documents\Projects\qrcoderedemption\src\main\java\com\dksh\qrcoderedemption\configuration\SwaggerConfig.java
C:\Users\admin\Documents\Projects\qrcoderedemption\src\main\java\com\dksh\qrcoderedemption\model\VerifyResponseModel.java
C:\Users\admin\Documents\Projects\qrcoderedemption\src\main\java\com\dksh\qrcoderedemption\repository\TempCustTriggerQueueRepository.java
C:\Users\admin\Documents\Projects\qrcoderedemption\src\main\java\com\dksh\qrcoderedemption\repository\CardTransactionRepository.java
C:\Users\admin\Documents\Projects\qrcoderedemption\src\main\java\com\dksh\qrcoderedemption\QrcoderedemptionApplication.java
C:\Users\admin\Documents\Projects\qrcoderedemption\src\main\java\com\dksh\qrcoderedemption\domain\CARDEVENTLOG.java
C:\Users\admin\Documents\Projects\qrcoderedemption\src\main\java\com\dksh\qrcoderedemption\service\CSVService.java
C:\Users\admin\Documents\Projects\qrcoderedemption\src\main\java\com\dksh\qrcoderedemption\service\RedemptionService.java
C:\Users\admin\Documents\Projects\qrcoderedemption\src\main\java\com\dksh\qrcoderedemption\model\CSVResponseModel.java
C:\Users\admin\Documents\Projects\qrcoderedemption\src\main\java\com\dksh\qrcoderedemption\controller\QRCodeRedemptionController.java
C:\Users\admin\Documents\Projects\qrcoderedemption\src\main\java\com\dksh\qrcoderedemption\component\RestTemplateHelper.java
